[freebw.com/aweae/templates/tatee/home-main.html]
[backblue.gif]
[fade.gif]
[index.html]
[freebw.com/aweae/templates/tatee/vendor/mdi-font/css/material-design-iconic-font.min.css]
[freebw.com/aweae/templates/tatee/vendor/font-awesome-5/css/fontawesome-all.min.css]
[freebw.com/aweae/templates/tatee/vendor/themify-font/themify-icons.css]
[freebw.com/aweae/templates/tatee/css/poppins-font.min.css]
[freebw.com/aweae/templates/tatee/vendor/bootstrap-4.1/bootstrap.min.css]
[freebw.com/aweae/templates/tatee/vendor/animate.css/animate.min.css]
[freebw.com/aweae/templates/tatee/vendor/css-hamburgers/hamburgers.min.css]
[freebw.com/aweae/templates/tatee/vendor/animsition/animsition.min.css]
[freebw.com/aweae/templates/tatee/vendor/slick/slick.css]
[freebw.com/aweae/templates/tatee/vendor/select2/select2.min.css]
[freebw.com/aweae/templates/tatee/vendor/revolution/css/layers.css]
[freebw.com/aweae/templates/tatee/vendor/revolution/css/navigation.css]
[freebw.com/aweae/templates/tatee/vendor/revolution/css/settings.css]
[freebw.com/aweae/templates/tatee/css/main.min.css]
[freebw.com/aweae/templates/tatee/images/icon/favicon.jpg]
[freebw.com/aweae/templates/tatee/apple-icon.png]
[freebw.com/aweae/templates/tatee/apple-icon-72x72.png]
[freebw.com/aweae/templates/tatee/apple-icon-114x114.png]
[freebw.com/aweae/templates/tatee/images/icon/logo-black.png]
[freebw.com/aweae/templates/tatee/home-project-hover.html]
[freebw.com/aweae/templates/tatee/home-vertical-slide.html]
[freebw.com/aweae/templates/tatee/home-vertical-slide-video-background.html]
[freebw.com/aweae/templates/tatee/home-onepage.html]
[freebw.com/aweae/templates/tatee/home-onepage-video-background.html]
[freebw.com/aweae/templates/tatee/home-revo-slide.html]
[freebw.com/aweae/templates/tatee/home-revo-slide-video-background.html]
[freebw.com/aweae/templates/tatee/home-project-showcase.html]
[freebw.com/aweae/templates/tatee/home-masonry-project.html]
[freebw.com/aweae/templates/tatee/home-creative-showcase.html]
[freebw.com/aweae/templates/tatee/index.html]
[freebw.com/aweae/templates/tatee/about-us.html]
[freebw.com/aweae/templates/tatee/project-grid-full.html]
[freebw.com/aweae/templates/tatee/project-grid-stand.html]
[freebw.com/aweae/templates/tatee/project-masonry.html]
[freebw.com/aweae/templates/tatee/project-carousel.html]
[freebw.com/aweae/templates/tatee/project-detail-1.html]
[freebw.com/aweae/templates/tatee/project-detail-2.html]
[freebw.com/aweae/templates/tatee/project-detail-3.html]
[freebw.com/aweae/templates/tatee/project-detail-4.html]
[freebw.com/aweae/templates/tatee/my-account.html]
[freebw.com/aweae/templates/tatee/shop.html]
[freebw.com/aweae/templates/tatee/product-detail.html]
[freebw.com/aweae/templates/tatee/cart.html]
[freebw.com/aweae/templates/tatee/checkout.html]
[freebw.com/aweae/templates/tatee/coming-soon.html]
[freebw.com/aweae/templates/tatee/blog-grid.html]
[freebw.com/aweae/templates/tatee/blog-sidebar.html]
[freebw.com/aweae/templates/tatee/blog-detail-sidebar.html]
[freebw.com/aweae/templates/tatee/blog-detail-img.html]
[freebw.com/aweae/templates/tatee/blog-detail-gallery.html]
[freebw.com/aweae/templates/tatee/blog-detail-video.html]
[freebw.com/aweae/templates/tatee/contact.html]
[freebw.com/aweae/templates/tatee/images/slide-01.jpg]
[freebw.com/aweae/templates/tatee/images/slide-12.jpg]
[freebw.com/aweae/templates/tatee/images/slide-13.jpg]
[freebw.com/aweae/templates/tatee/images/about-01.jpg]
[freebw.com/aweae/templates/tatee/images/icon/service-01.png]
[freebw.com/aweae/templates/tatee/images/icon/service-02.png]
[freebw.com/aweae/templates/tatee/images/icon/service-03.png]
[freebw.com/aweae/templates/tatee/images/project-01.jpg]
[freebw.com/aweae/templates/tatee/images/project-02.jpg]
[freebw.com/aweae/templates/tatee/images/project-03.jpg]
[freebw.com/aweae/templates/tatee/images/project-04.jpg]
[freebw.com/aweae/templates/tatee/images/project-29.jpg]
[freebw.com/aweae/templates/tatee/images/project-30.jpg]
[freebw.com/aweae/templates/tatee/images/project-31.jpg]
[freebw.com/aweae/templates/tatee/images/project-32.jpg]
[freebw.com/aweae/templates/tatee/images/testi-01.jpg]
[freebw.com/aweae/templates/tatee/images/testi-02.jpg]
[freebw.com/aweae/templates/tatee/images/testi-03.jpg]
[freebw.com/aweae/templates/tatee/images/testi-04.jpg]
[freebw.com/aweae/templates/tatee/images/icon/client-01.png]
[freebw.com/aweae/templates/tatee/images/icon/client-02.png]
[freebw.com/aweae/templates/tatee/images/icon/client-03.png]
[freebw.com/aweae/templates/tatee/images/icon/client-04.png]
[freebw.com/aweae/templates/tatee/images/icon/client-05.png]
[freebw.com/aweae/templates/tatee/images/icon/client-06.png]
[freebw.com/aweae/templates/tatee/images/icon/client-07.png]
[freebw.com/aweae/templates/tatee/images/icon/client-08.png]
[freebw.com/aweae/templates/tatee/images/blog-01.jpg]
[freebw.com/aweae/templates/tatee/images/blog-02.jpg]
[freebw.com/aweae/templates/tatee/images/icon/logo-white.png]
[freebw.com/cdn-cgi/scripts/5c5dd728/cloudflare-static/email-decode.min.js]
[freebw.com/aweae/templates/tatee/vendor/jquery/jquery.min.js]
[freebw.com/aweae/templates/tatee/vendor/bootstrap-4.1/bootstrap.min.js]
[freebw.com/aweae/templates/tatee/vendor/animsition/animsition.min.js]
[freebw.com/aweae/templates/tatee/vendor/slick/slick.min.js]
[freebw.com/aweae/templates/tatee/vendor/waypoints/jquery.waypoints.min.js]
[freebw.com/aweae/templates/tatee/vendor/wow/wow.min.js]
[freebw.com/aweae/templates/tatee/vendor/jquery.counterup/jquery.counterup.min.js]
[freebw.com/aweae/templates/tatee/vendor/isotope/isotope.pkgd.min.js]
[freebw.com/aweae/templates/tatee/vendor/isotope/imagesloaded.pkgd.min.js]
[freebw.com/aweae/templates/tatee/vendor/matchHeight/jquery.matchHeight-min.js]
[freebw.com/aweae/templates/tatee/vendor/select2/select2.min.js]
[freebw.com/aweae/templates/tatee/vendor/sweetalert/sweetalert.min.js]
[freebw.com/aweae/templates/tatee/vendor/noUiSlider/nouislider.min.js]
[freebw.com/aweae/templates/tatee/vendor/revolution/js/jquery.themepunch.tools.min.js]
[freebw.com/aweae/templates/tatee/vendor/revolution/js/jquery.themepunch.revolution.min.js]
[freebw.com/aweae/templates/tatee/vendor/revolution/js/extensions/revolution.extension.video.min.js]
[freebw.com/aweae/templates/tatee/vendor/revolution/js/extensions/revolution.extension.slideanims.min.js]
[freebw.com/aweae/templates/tatee/vendor/revolution/js/extensions/revolution.extension.actions.min.js]
[freebw.com/aweae/templates/tatee/vendor/revolution/js/extensions/revolution.extension.layeranimation.min.js]
[freebw.com/aweae/templates/tatee/vendor/revolution/js/extensions/revolution.extension.kenburn.min.js]
[freebw.com/aweae/templates/tatee/vendor/revolution/js/extensions/revolution.extension.navigation.min.js]
[freebw.com/aweae/templates/tatee/vendor/revolution/js/extensions/revolution.extension.migration.min.js]
[freebw.com/aweae/templates/tatee/vendor/revolution/js/extensions/revolution.extension.parallax.min.js]
[freebw.com/aweae/templates/tatee/vendor/revolution/js/extensions/revolution.extension.carousel.min.js]
[freebw.com/aweae/templates/tatee/js/config-revolution.min.js]
[freebw.com/aweae/templates/tatee/home-main.html]
[freebw.com/aweae/templates/tatee/js/global.js]
[freebw.com/aweae/templates/tatee/vendor/mdi-font/fonts/Material-Design-Iconic-Fontd1f1.woff2]
[freebw.com/aweae/templates/tatee/vendor/mdi-font/fonts/Material-Design-Iconic-Fontd1f1.woff]
[freebw.com/aweae/templates/tatee/vendor/mdi-font/fonts/Material-Design-Iconic-Fontd1f1.ttf]
[freebw.com/aweae/templates/tatee/vendor/mdi-font/css/material-design-iconic-font.min.css]
[freebw.com/aweae/templates/tatee/vendor/font-awesome-5/webfonts/fa-brands-400.eot]
[freebw.com/aweae/templates/tatee/vendor/font-awesome-5/webfonts/fa-brands-400d41d.eot]
[freebw.com/aweae/templates/tatee/vendor/font-awesome-5/webfonts/fa-brands-400.woff2]
[freebw.com/aweae/templates/tatee/vendor/font-awesome-5/webfonts/fa-brands-400.woff]
[freebw.com/aweae/templates/tatee/vendor/font-awesome-5/webfonts/fa-brands-400.ttf]
[freebw.com/aweae/templates/tatee/vendor/font-awesome-5/webfonts/fa-brands-400.svg]
[freebw.com/aweae/templates/tatee/vendor/font-awesome-5/webfonts/fa-regular-400.eot]
[freebw.com/aweae/templates/tatee/vendor/font-awesome-5/webfonts/fa-regular-400d41d.eot]
[freebw.com/aweae/templates/tatee/vendor/font-awesome-5/webfonts/fa-regular-400.woff2]
[freebw.com/aweae/templates/tatee/vendor/font-awesome-5/webfonts/fa-regular-400.woff]
[freebw.com/aweae/templates/tatee/vendor/font-awesome-5/webfonts/fa-regular-400.ttf]
[freebw.com/aweae/templates/tatee/vendor/font-awesome-5/webfonts/fa-regular-400.svg]
[freebw.com/aweae/templates/tatee/vendor/font-awesome-5/webfonts/fa-solid-900.eot]
[freebw.com/aweae/templates/tatee/vendor/font-awesome-5/webfonts/fa-solid-900d41d.eot]
[freebw.com/aweae/templates/tatee/vendor/font-awesome-5/webfonts/fa-solid-900.woff2]
[freebw.com/aweae/templates/tatee/vendor/font-awesome-5/webfonts/fa-solid-900.woff]
[freebw.com/aweae/templates/tatee/vendor/font-awesome-5/webfonts/fa-solid-900.ttf]
[freebw.com/aweae/templates/tatee/vendor/font-awesome-5/css/fontawesome-all.min.css]
[freebw.com/aweae/templates/tatee/vendor/font-awesome-5/webfonts/fa-solid-900.svg]
[freebw.com/aweae/templates/tatee/vendor/themify-font/fonts/themify9f24.eot]
[freebw.com/aweae/templates/tatee/vendor/themify-font/fonts/themifyd41d.eot]
[freebw.com/aweae/templates/tatee/vendor/themify-font/fonts/themify9f24.woff]
[freebw.com/aweae/templates/tatee/vendor/themify-font/fonts/themify9f24.ttf]
[freebw.com/aweae/templates/tatee/vendor/themify-font/themify-icons.css]
[freebw.com/aweae/templates/tatee/vendor/themify-font/fonts/themify9f24.svg]
[freebw.com/aweae/templates/tatee/fonts/poppins/poppins-v5-latin-100.eot]
[freebw.com/aweae/templates/tatee/fonts/poppins/poppins-v5-latin-100d41d.eot]
[freebw.com/aweae/templates/tatee/fonts/poppins/poppins-v5-latin-100.woff2]
[freebw.com/aweae/templates/tatee/fonts/poppins/poppins-v5-latin-100.woff]
[freebw.com/aweae/templates/tatee/fonts/poppins/poppins-v5-latin-100.ttf]
[freebw.com/aweae/templates/tatee/fonts/poppins/poppins-v5-latin-100.svg]
[freebw.com/aweae/templates/tatee/fonts/poppins/poppins-v5-latin-100italic.eot]
[freebw.com/aweae/templates/tatee/fonts/poppins/poppins-v5-latin-100italicd41d.eot]
[freebw.com/aweae/templates/tatee/fonts/poppins/poppins-v5-latin-100italic.woff2]
[freebw.com/aweae/templates/tatee/fonts/poppins/poppins-v5-latin-100italic.woff]
[freebw.com/aweae/templates/tatee/fonts/poppins/poppins-v5-latin-100italic.ttf]
[freebw.com/aweae/templates/tatee/fonts/poppins/poppins-v5-latin-100italic.svg]
[freebw.com/aweae/templates/tatee/fonts/poppins/poppins-v5-latin-200.eot]
[freebw.com/aweae/templates/tatee/fonts/poppins/poppins-v5-latin-200d41d.eot]
[freebw.com/aweae/templates/tatee/fonts/poppins/poppins-v5-latin-200.woff2]
[freebw.com/aweae/templates/tatee/fonts/poppins/poppins-v5-latin-200.woff]
[freebw.com/aweae/templates/tatee/fonts/poppins/poppins-v5-latin-200.ttf]
[freebw.com/aweae/templates/tatee/fonts/poppins/poppins-v5-latin-200.svg]
[freebw.com/aweae/templates/tatee/fonts/poppins/poppins-v5-latin-300italic.eot]
[freebw.com/aweae/templates/tatee/fonts/poppins/poppins-v5-latin-300italicd41d.eot]
[freebw.com/aweae/templates/tatee/fonts/poppins/poppins-v5-latin-300italic.woff2]
[freebw.com/aweae/templates/tatee/fonts/poppins/poppins-v5-latin-300italic.woff]
[freebw.com/aweae/templates/tatee/fonts/poppins/poppins-v5-latin-300italic.ttf]
[freebw.com/aweae/templates/tatee/fonts/poppins/poppins-v5-latin-300italic.svg]
[freebw.com/aweae/templates/tatee/fonts/poppins/poppins-v5-latin-300.eot]
[freebw.com/aweae/templates/tatee/fonts/poppins/poppins-v5-latin-300d41d.eot]
[freebw.com/aweae/templates/tatee/fonts/poppins/poppins-v5-latin-300.woff2]
[freebw.com/aweae/templates/tatee/fonts/poppins/poppins-v5-latin-300.woff]
[freebw.com/aweae/templates/tatee/fonts/poppins/poppins-v5-latin-300.ttf]
[freebw.com/aweae/templates/tatee/fonts/poppins/poppins-v5-latin-300.svg]
[freebw.com/aweae/templates/tatee/fonts/poppins/poppins-v5-latin-regular.eot]
[freebw.com/aweae/templates/tatee/fonts/poppins/poppins-v5-latin-regulard41d.eot]
[freebw.com/aweae/templates/tatee/fonts/poppins/poppins-v5-latin-regular.woff2]
[freebw.com/aweae/templates/tatee/fonts/poppins/poppins-v5-latin-regular.woff]
[freebw.com/aweae/templates/tatee/fonts/poppins/poppins-v5-latin-regular.ttf]
[freebw.com/aweae/templates/tatee/fonts/poppins/poppins-v5-latin-regular.svg]
[freebw.com/aweae/templates/tatee/fonts/poppins/poppins-v5-latin-italic.eot]
[freebw.com/aweae/templates/tatee/fonts/poppins/poppins-v5-latin-italicd41d.eot]
[freebw.com/aweae/templates/tatee/fonts/poppins/poppins-v5-latin-italic.woff2]
[freebw.com/aweae/templates/tatee/fonts/poppins/poppins-v5-latin-italic.woff]
[freebw.com/aweae/templates/tatee/fonts/poppins/poppins-v5-latin-italic.ttf]
[freebw.com/aweae/templates/tatee/fonts/poppins/poppins-v5-latin-italic.svg]
[freebw.com/aweae/templates/tatee/fonts/poppins/poppins-v5-latin-200italic.eot]
[freebw.com/aweae/templates/tatee/fonts/poppins/poppins-v5-latin-200italicd41d.eot]
[freebw.com/aweae/templates/tatee/fonts/poppins/poppins-v5-latin-200italic.woff2]
[freebw.com/aweae/templates/tatee/fonts/poppins/poppins-v5-latin-200italic.woff]
[freebw.com/aweae/templates/tatee/fonts/poppins/poppins-v5-latin-200italic.ttf]
[freebw.com/aweae/templates/tatee/fonts/poppins/poppins-v5-latin-200italic.svg]
[freebw.com/aweae/templates/tatee/fonts/poppins/poppins-v5-latin-500.eot]
[freebw.com/aweae/templates/tatee/fonts/poppins/poppins-v5-latin-500d41d.eot]
[freebw.com/aweae/templates/tatee/fonts/poppins/poppins-v5-latin-500.woff2]
[freebw.com/aweae/templates/tatee/fonts/poppins/poppins-v5-latin-500.woff]
[freebw.com/aweae/templates/tatee/fonts/poppins/poppins-v5-latin-500.ttf]
[freebw.com/aweae/templates/tatee/fonts/poppins/poppins-v5-latin-500.svg]
[freebw.com/aweae/templates/tatee/fonts/poppins/poppins-v5-latin-500italic.eot]
[freebw.com/aweae/templates/tatee/fonts/poppins/poppins-v5-latin-500italicd41d.eot]
[freebw.com/aweae/templates/tatee/fonts/poppins/poppins-v5-latin-500italic.woff2]
[freebw.com/aweae/templates/tatee/fonts/poppins/poppins-v5-latin-500italic.woff]
[freebw.com/aweae/templates/tatee/fonts/poppins/poppins-v5-latin-500italic.ttf]
[freebw.com/aweae/templates/tatee/fonts/poppins/poppins-v5-latin-500italic.svg]
[freebw.com/aweae/templates/tatee/fonts/poppins/poppins-v5-latin-600italic.eot]
[freebw.com/aweae/templates/tatee/fonts/poppins/poppins-v5-latin-600italicd41d.eot]
[freebw.com/aweae/templates/tatee/fonts/poppins/poppins-v5-latin-600italic.woff2]
[freebw.com/aweae/templates/tatee/fonts/poppins/poppins-v5-latin-600italic.woff]
[freebw.com/aweae/templates/tatee/fonts/poppins/poppins-v5-latin-600italic.ttf]
[freebw.com/aweae/templates/tatee/fonts/poppins/poppins-v5-latin-600italic.svg]
[freebw.com/aweae/templates/tatee/fonts/poppins/poppins-v5-latin-600.eot]
[freebw.com/aweae/templates/tatee/fonts/poppins/poppins-v5-latin-600d41d.eot]
[freebw.com/aweae/templates/tatee/fonts/poppins/poppins-v5-latin-600.woff2]
[freebw.com/aweae/templates/tatee/fonts/poppins/poppins-v5-latin-600.woff]
[freebw.com/aweae/templates/tatee/fonts/poppins/poppins-v5-latin-600.ttf]
[freebw.com/aweae/templates/tatee/fonts/poppins/poppins-v5-latin-600.svg]
[freebw.com/aweae/templates/tatee/fonts/poppins/poppins-v5-latin-700.eot]
[freebw.com/aweae/templates/tatee/fonts/poppins/poppins-v5-latin-700d41d.eot]
[freebw.com/aweae/templates/tatee/fonts/poppins/poppins-v5-latin-700.woff2]
[freebw.com/aweae/templates/tatee/fonts/poppins/poppins-v5-latin-700.woff]
[freebw.com/aweae/templates/tatee/fonts/poppins/poppins-v5-latin-700.ttf]
[freebw.com/aweae/templates/tatee/fonts/poppins/poppins-v5-latin-700.svg]
[freebw.com/aweae/templates/tatee/fonts/poppins/poppins-v5-latin-700italic.eot]
[freebw.com/aweae/templates/tatee/fonts/poppins/poppins-v5-latin-700italicd41d.eot]
[freebw.com/aweae/templates/tatee/fonts/poppins/poppins-v5-latin-700italic.woff2]
[freebw.com/aweae/templates/tatee/fonts/poppins/poppins-v5-latin-700italic.woff]
[freebw.com/aweae/templates/tatee/fonts/poppins/poppins-v5-latin-700italic.ttf]
[freebw.com/aweae/templates/tatee/fonts/poppins/poppins-v5-latin-700italic.svg]
[freebw.com/aweae/templates/tatee/fonts/poppins/poppins-v5-latin-800.eot]
[freebw.com/aweae/templates/tatee/fonts/poppins/poppins-v5-latin-800d41d.eot]
[freebw.com/aweae/templates/tatee/fonts/poppins/poppins-v5-latin-800.woff2]
[freebw.com/aweae/templates/tatee/fonts/poppins/poppins-v5-latin-800.woff]
[freebw.com/aweae/templates/tatee/fonts/poppins/poppins-v5-latin-800.ttf]
[freebw.com/aweae/templates/tatee/fonts/poppins/poppins-v5-latin-800.svg]
[freebw.com/aweae/templates/tatee/fonts/poppins/poppins-v5-latin-800italic.eot]
[freebw.com/aweae/templates/tatee/fonts/poppins/poppins-v5-latin-800italicd41d.eot]
[freebw.com/aweae/templates/tatee/fonts/poppins/poppins-v5-latin-800italic.woff2]
[freebw.com/aweae/templates/tatee/fonts/poppins/poppins-v5-latin-800italic.woff]
[freebw.com/aweae/templates/tatee/fonts/poppins/poppins-v5-latin-800italic.ttf]
[freebw.com/aweae/templates/tatee/fonts/poppins/poppins-v5-latin-800italic.svg]
[freebw.com/aweae/templates/tatee/fonts/poppins/poppins-v5-latin-900.eot]
[freebw.com/aweae/templates/tatee/fonts/poppins/poppins-v5-latin-900d41d.eot]
[freebw.com/aweae/templates/tatee/fonts/poppins/poppins-v5-latin-900.woff2]
[freebw.com/aweae/templates/tatee/fonts/poppins/poppins-v5-latin-900.woff]
[freebw.com/aweae/templates/tatee/fonts/poppins/poppins-v5-latin-900.ttf]
[freebw.com/aweae/templates/tatee/fonts/poppins/poppins-v5-latin-900.svg]
[freebw.com/aweae/templates/tatee/fonts/poppins/poppins-v5-latin-900italic.eot]
[freebw.com/aweae/templates/tatee/fonts/poppins/poppins-v5-latin-900italicd41d.eot]
[freebw.com/aweae/templates/tatee/fonts/poppins/poppins-v5-latin-900italic.woff2]
[freebw.com/aweae/templates/tatee/fonts/poppins/poppins-v5-latin-900italic.woff]
[freebw.com/aweae/templates/tatee/fonts/poppins/poppins-v5-latin-900italic.ttf]
[freebw.com/aweae/templates/tatee/css/poppins-font.min.css]
[freebw.com/aweae/templates/tatee/vendor/bootstrap-4.1/bootstrap.min.css]
[freebw.com/aweae/templates/tatee/vendor/animate.css/animate.min.css]
[freebw.com/aweae/templates/tatee/vendor/css-hamburgers/hamburgers.min.css]
[freebw.com/aweae/templates/tatee/vendor/animsition/animsition.min.css]
[freebw.com/aweae/templates/tatee/vendor/slick/slick.css]
[freebw.com/aweae/templates/tatee/vendor/select2/select2.min.css]
[freebw.com/aweae/templates/tatee/vendor/revolution/css/layers.css]
[freebw.com/aweae/templates/tatee/vendor/revolution/css/navigation.css]
[freebw.com/aweae/templates/tatee/fonts/poppins/poppins-v5-latin-900italic.svg]
[freebw.com/aweae/templates/tatee/vendor/revolution/fonts/revicons/revicons90c6.eot]
[freebw.com/aweae/templates/tatee/vendor/revolution/fonts/revicons/revicons90c6.woff]
[freebw.com/aweae/templates/tatee/vendor/revolution/fonts/revicons/revicons90c6.ttf]
[freebw.com/aweae/templates/tatee/vendor/revolution/fonts/revicons/revicons90c6.svg]
[freebw.com/aweae/templates/tatee/vendor/revolution/assets/gridtile.png]
[freebw.com/aweae/templates/tatee/vendor/revolution/assets/gridtile_white.png]
[freebw.com/aweae/templates/tatee/vendor/revolution/assets/gridtile_3x3.png]
[freebw.com/aweae/templates/tatee/vendor/revolution/assets/gridtile_3x3_white.png]
[freebw.com/aweae/templates/tatee/vendor/revolution/assets/coloredbg.png]
[freebw.com/aweae/templates/tatee/vendor/revolution/css/settings.css]
[freebw.com/aweae/templates/tatee/vendor/revolution/assets/loader.gif]
[freebw.com/aweae/templates/tatee/images/bg-pattern-01.jpg]
[freebw.com/aweae/templates/tatee/images/landing/bg-landing.jpg]
[freebw.com/aweae/templates/tatee/images/bg-project-01.jpg]
[freebw.com/aweae/templates/tatee/images/bg-footer-01.jpg]
[freebw.com/aweae/templates/tatee/images/icon/bg-pattern-02.jpg]
[freebw.com/aweae/templates/tatee/images/icon/bg-pattern-03.jpg]
[freebw.com/aweae/templates/tatee/images/bg-page-01.jpg]
[freebw.com/aweae/templates/tatee/images/bg-page-02.jpg]
[freebw.com/aweae/templates/tatee/css/main.min.css]
[freebw.com/aweae/templates/tatee/apple-icon.html]
[freebw.com/aweae/templates/tatee/apple-icon-72x72.html]
[freebw.com/aweae/templates/tatee/apple-icon-114x114.html]
[freebw.com/aweae/templates/tatee/images/bg-coming.jpg]
[freebw.com/aweae/templates/tatee/images/bg-project-02.jpg]
[freebw.com/aweae/templates/tatee/images/bg-project-03.jpg]
[freebw.com/aweae/templates/tatee/images/bg-project-04.jpg]
[freebw.com/aweae/templates/tatee/home-project-hover.html]
[freebw.com/aweae/templates/tatee/vendor/pagePiling/css/jquery.pagepiling.css]
[freebw.com/aweae/templates/tatee/images/bg-project-05.jpg]
[freebw.com/aweae/templates/tatee/images/slide-03.jpg]
[freebw.com/aweae/templates/tatee/images/service-01.jpg]
[freebw.com/aweae/templates/tatee/images/icon/line.png]
[freebw.com/aweae/templates/tatee/images/service-02.jpg]
[freebw.com/aweae/templates/tatee/images/service-03.jpg]
[freebw.com/aweae/templates/tatee/images/slide-04.jpg]
[freebw.com/aweae/templates/tatee/images/slide-14.jpg]
[freebw.com/aweae/templates/tatee/images/slide-15.jpg]
[freebw.com/aweae/templates/tatee/images/about-03.jpg]
[freebw.com/aweae/templates/tatee/images/icon/client-09.png]
[freebw.com/aweae/templates/tatee/images/icon/client-10.png]
[freebw.com/aweae/templates/tatee/images/icon/client-11.png]
[freebw.com/aweae/templates/tatee/images/icon/client-12.png]
[freebw.com/aweae/templates/tatee/images/icon/client-13.png]
[freebw.com/aweae/templates/tatee/images/icon/client-14.png]
[freebw.com/aweae/templates/tatee/images/icon/client-15.png]
[freebw.com/aweae/templates/tatee/images/icon/client-16.png]
[freebw.com/aweae/templates/tatee/vendor/pagePiling/js/jquery.pagepiling.js]
[freebw.com/aweae/templates/tatee/js/config-pagePilling.js]
[freebw.com/aweae/templates/tatee/js/theme-map.js]
[freebw.com/aweae/templates/tatee/home-vertical-slide.html]
[freebw.com/aweae/templates/tatee/home-vertical-slide-video-background.html]
[freebw.com/aweae/templates/tatee/js/config-contact.js]
[freebw.com/aweae/templates/tatee/images/slide-02.jpg]
[freebw.com/aweae/templates/tatee/images/slide-16.jpg]
[freebw.com/aweae/templates/tatee/images/slide-17.jpg]
[freebw.com/aweae/templates/tatee/images/slide-18.jpg]
[freebw.com/aweae/templates/tatee/images/about-02.jpg]
[freebw.com/aweae/templates/tatee/images/project-05.jpg]
[freebw.com/aweae/templates/tatee/images/project-06.jpg]
[freebw.com/aweae/templates/tatee/images/project-07.jpg]
[freebw.com/aweae/templates/tatee/images/project-08.jpg]
[freebw.com/aweae/templates/tatee/images/project-09.jpg]
[freebw.com/aweae/templates/tatee/images/project-10.jpg]
[freebw.com/aweae/templates/tatee/images/project-11.jpg]
[freebw.com/aweae/templates/tatee/images/project-12.jpg]
[freebw.com/aweae/templates/tatee/images/team-01.jpg]
[freebw.com/aweae/templates/tatee/images/team-02.jpg]
[freebw.com/aweae/templates/tatee/images/team-03.jpg]
[freebw.com/aweae/templates/tatee/images/team-04.jpg]
[freebw.com/aweae/templates/tatee/images/team-05.jpg]
[freebw.com/aweae/templates/tatee/home-onepage.html]
[freebw.com/aweae/templates/tatee/home-onepage-video-background.html]
[freebw.com/aweae/templates/tatee/images/team-06.jpg]
[freebw.com/aweae/templates/tatee/images/slide-06.jpg]
[freebw.com/aweae/templates/tatee/images/slide-07.jpg]
[freebw.com/aweae/templates/tatee/home-revo-slide.html]
[freebw.com/aweae/templates/tatee/home-revo-slide-video-background.html]
[freebw.com/aweae/templates/tatee/js/config-revolution.js]
[freebw.com/aweae/templates/tatee/images/slide-08.jpg]
[freebw.com/aweae/templates/tatee/images/project-23.jpg]
[freebw.com/aweae/templates/tatee/images/project-24.jpg]
[freebw.com/aweae/templates/tatee/images/project-25.jpg]
[freebw.com/aweae/templates/tatee/images/project-26.jpg]
[freebw.com/aweae/templates/tatee/images/project-27.jpg]
[freebw.com/aweae/templates/tatee/home-project-showcase.html]
[freebw.com/aweae/templates/tatee/images/project-28.jpg]
[freebw.com/aweae/templates/tatee/images/project-41.jpg]
[freebw.com/aweae/templates/tatee/images/project-42.jpg]
[freebw.com/aweae/templates/tatee/images/project-43.jpg]
[freebw.com/aweae/templates/tatee/images/project-44.jpg]
[freebw.com/aweae/templates/tatee/images/project-46.jpg]
[freebw.com/aweae/templates/tatee/images/project-45.jpg]
[freebw.com/aweae/templates/tatee/images/project-47.jpg]
[freebw.com/aweae/templates/tatee/images/project-48.jpg]
[freebw.com/aweae/templates/tatee/images/project-49.jpg]
[freebw.com/aweae/templates/tatee/home-masonry-project.html]
[freebw.com/aweae/templates/tatee/images/project-50.jpg]
[freebw.com/aweae/templates/tatee/images/page-heading-01.jpg]
[freebw.com/aweae/templates/tatee/images/project-51.jpg]
[freebw.com/aweae/templates/tatee/images/project-52.jpg]
[freebw.com/aweae/templates/tatee/images/project-53.jpg]
[freebw.com/aweae/templates/tatee/images/project-54.jpg]
[freebw.com/aweae/templates/tatee/images/project-55.jpg]
[freebw.com/aweae/templates/tatee/home-creative-showcase.html]
[freebw.com/aweae/templates/tatee/images/project-56.jpg]
[freebw.com/aweae/templates/tatee/images/landing/home-02.jpg]
[freebw.com/aweae/templates/tatee/images/landing/home-01.jpg]
[freebw.com/aweae/templates/tatee/images/landing/home-03.jpg]
[freebw.com/aweae/templates/tatee/images/landing/home-04.jpg]
[freebw.com/aweae/templates/tatee/images/landing/home-05.jpg]
[freebw.com/aweae/templates/tatee/images/landing/home-06.jpg]
[freebw.com/aweae/templates/tatee/images/landing/home-07.jpg]
[freebw.com/aweae/templates/tatee/images/landing/home-08.jpg]
[freebw.com/aweae/templates/tatee/index.html]
[freebw.com/aweae/templates/tatee/about-us.html]
[freebw.com/aweae/templates/tatee/project-grid-full.html]
[freebw.com/aweae/templates/tatee/images/page-img-01.jpg]
[freebw.com/aweae/templates/tatee/images/landing/landing-01.png]
[freebw.com/aweae/templates/tatee/images/project-33.jpg]
[freebw.com/aweae/templates/tatee/images/project-34.jpg]
[freebw.com/aweae/templates/tatee/images/project-35.jpg]
[freebw.com/aweae/templates/tatee/images/project-36.jpg]
[freebw.com/aweae/templates/tatee/images/project-37.jpg]
[freebw.com/aweae/templates/tatee/project-grid-stand.html]
[freebw.com/aweae/templates/tatee/images/project-38.jpg]
[freebw.com/aweae/templates/tatee/project-masonry.html]
[freebw.com/aweae/templates/tatee/images/project-40.jpg]
[freebw.com/aweae/templates/tatee/project-carousel.html]
[freebw.com/aweae/templates/tatee/images/slide-09.jpg]
[freebw.com/aweae/templates/tatee/images/slide-11.jpg]
[freebw.com/aweae/templates/tatee/images/slide-10.jpg]
[freebw.com/aweae/templates/tatee/images/post-01.jpg]
[freebw.com/aweae/templates/tatee/images/post-02.jpg]
[freebw.com/aweae/templates/tatee/project-detail-1.html]
[freebw.com/aweae/templates/tatee/images/post-03.jpg]
[freebw.com/aweae/templates/tatee/images/post-04.jpg]
[freebw.com/aweae/templates/tatee/images/post-10.jpg]
[freebw.com/aweae/templates/tatee/images/post-11.jpg]
[freebw.com/aweae/templates/tatee/project-detail-2.html]
[freebw.com/aweae/templates/tatee/images/post-12.jpg]
[freebw.com/aweae/templates/tatee/images/post-13.jpg]
[freebw.com/aweae/templates/tatee/images/post-14.jpg]
[freebw.com/aweae/templates/tatee/images/post-16.jpg]
[freebw.com/aweae/templates/tatee/project-detail-3.html]
[freebw.com/aweae/templates/tatee/images/post-17.jpg]
[freebw.com/aweae/templates/tatee/images/post-15.jpg]
[freebw.com/aweae/templates/tatee/images/post-05.jpg]
[freebw.com/aweae/templates/tatee/images/post-06.jpg]
[freebw.com/aweae/templates/tatee/images/post-07.jpg]
[freebw.com/aweae/templates/tatee/images/post-08.jpg]
[freebw.com/aweae/templates/tatee/project-detail-4.html]
[freebw.com/aweae/templates/tatee/my-account.html]
[freebw.com/aweae/templates/tatee/images/post-09.jpg]
[freebw.com/aweae/templates/tatee/images/product-01.png]
[freebw.com/aweae/templates/tatee/images/product-02.png]
[freebw.com/aweae/templates/tatee/images/product-03.png]
[freebw.com/aweae/templates/tatee/images/product-04.png]
[freebw.com/aweae/templates/tatee/images/product-05.png]
[freebw.com/aweae/templates/tatee/images/product-06.png]
[freebw.com/aweae/templates/tatee/images/product-07.png]
[freebw.com/aweae/templates/tatee/images/product-08.png]
[freebw.com/aweae/templates/tatee/images/product-09.png]
[freebw.com/aweae/templates/tatee/images/product-sm-01.png]
[freebw.com/aweae/templates/tatee/images/product-sm-02.png]
[freebw.com/aweae/templates/tatee/images/product-sm-03.png]
[freebw.com/aweae/templates/tatee/shop.html]
[freebw.com/aweae/templates/tatee/images/product-sm-04.png]
[freebw.com/aweae/templates/tatee/images/product-10.png]
[freebw.com/aweae/templates/tatee/images/product-11.png]
[freebw.com/aweae/templates/tatee/product-detail.html]
[freebw.com/aweae/templates/tatee/images/product-12.png]
[freebw.com/aweae/templates/tatee/cart.html]
[freebw.com/aweae/templates/tatee/images/product-13.jpg]
[freebw.com/aweae/templates/tatee/checkout.html]
[freebw.com/aweae/templates/tatee/images/icon/paypal.png]
[freebw.com/aweae/templates/tatee/vendor/countdowntime/moment.min.js]
[freebw.com/aweae/templates/tatee/vendor/countdowntime/moment-timezone.min.js]
[freebw.com/aweae/templates/tatee/vendor/countdowntime/moment-timezone-with-data.min.js]
[freebw.com/aweae/templates/tatee/coming-soon.html]
[freebw.com/aweae/templates/tatee/vendor/countdowntime/countdowntime.js]
[freebw.com/aweae/templates/tatee/images/blog-03.jpg]
[freebw.com/aweae/templates/tatee/images/blog-04.jpg]
[freebw.com/aweae/templates/tatee/images/blog-05.jpg]
[freebw.com/aweae/templates/tatee/images/blog-06.jpg]
[freebw.com/aweae/templates/tatee/images/blog-07.jpg]
[freebw.com/aweae/templates/tatee/blog-grid.html]
[freebw.com/aweae/templates/tatee/images/blog-08.jpg]
[freebw.com/aweae/templates/tatee/images/insta-01.jpg]
[freebw.com/aweae/templates/tatee/images/insta-02.jpg]
[freebw.com/aweae/templates/tatee/images/insta-03.jpg]
[freebw.com/aweae/templates/tatee/images/insta-04.jpg]
[freebw.com/aweae/templates/tatee/images/insta-05.jpg]
[freebw.com/aweae/templates/tatee/images/insta-06.jpg]
[freebw.com/aweae/templates/tatee/images/insta-07.jpg]
[freebw.com/aweae/templates/tatee/images/insta-08.jpg]
[freebw.com/aweae/templates/tatee/blog-sidebar.html]
[freebw.com/aweae/templates/tatee/images/insta-09.jpg]
[freebw.com/aweae/templates/tatee/images/blog-09.jpg]
[freebw.com/aweae/templates/tatee/images/blog-10.jpg]
[freebw.com/aweae/templates/tatee/images/blog-11.jpg]
[freebw.com/aweae/templates/tatee/images/blog-12.jpg]
[freebw.com/aweae/templates/tatee/images/user-01.jpg]
[freebw.com/aweae/templates/tatee/blog-detail-sidebar.html]
[freebw.com/aweae/templates/tatee/blog-detail-img.html]
[freebw.com/aweae/templates/tatee/images/user-02.jpg]
[freebw.com/aweae/templates/tatee/images/blog-13.jpg]
[freebw.com/aweae/templates/tatee/images/blog-14.jpg]
[freebw.com/aweae/templates/tatee/blog-detail-gallery.html]
[freebw.com/aweae/templates/tatee/images/blog-15.jpg]
[freebw.com/aweae/templates/tatee/images/bg-video-01.jpg]
[freebw.com/aweae/templates/tatee/blog-detail-video.html]
[freebw.com/aweae/templates/tatee/contact.html]
[freebw.com/aweae/templates/tatee/vendor/font-awesome-5/webfonts/fa-brands-400.svg]
[freebw.com/aweae/templates/tatee/vendor/font-awesome-5/webfonts/fa-regular-400.svg]
[freebw.com/aweae/templates/tatee/images/icon/video.png]
[freebw.com/aweae/templates/tatee/vendor/font-awesome-5/webfonts/fa-solid-900.svg]
[freebw.com/aweae/templates/tatee/vendor/themify-font/fonts/themify9f24.svg]
[freebw.com/aweae/templates/tatee/fonts/poppins/poppins-v5-latin-100.svg]
[freebw.com/aweae/templates/tatee/fonts/poppins/poppins-v5-latin-100italic.svg]
[freebw.com/aweae/templates/tatee/fonts/poppins/poppins-v5-latin-200.svg]
[freebw.com/aweae/templates/tatee/fonts/poppins/poppins-v5-latin-300italic.svg]
[freebw.com/aweae/templates/tatee/fonts/poppins/poppins-v5-latin-300.svg]
[freebw.com/aweae/templates/tatee/fonts/poppins/poppins-v5-latin-regular.svg]
[freebw.com/aweae/templates/tatee/fonts/poppins/poppins-v5-latin-italic.svg]
[freebw.com/aweae/templates/tatee/fonts/poppins/poppins-v5-latin-200italic.svg]
[freebw.com/aweae/templates/tatee/fonts/poppins/poppins-v5-latin-500.svg]
[freebw.com/aweae/templates/tatee/fonts/poppins/poppins-v5-latin-500italic.svg]
[freebw.com/aweae/templates/tatee/fonts/poppins/poppins-v5-latin-600italic.svg]
[freebw.com/aweae/templates/tatee/fonts/poppins/poppins-v5-latin-600.svg]
[freebw.com/aweae/templates/tatee/fonts/poppins/poppins-v5-latin-700.svg]
[freebw.com/aweae/templates/tatee/fonts/poppins/poppins-v5-latin-700italic.svg]
[freebw.com/aweae/templates/tatee/fonts/poppins/poppins-v5-latin-800.svg]
[freebw.com/aweae/templates/tatee/fonts/poppins/poppins-v5-latin-800italic.svg]
[freebw.com/aweae/templates/tatee/fonts/poppins/poppins-v5-latin-900.svg]
[freebw.com/aweae/templates/tatee/fonts/poppins/poppins-v5-latin-900italic.svg]
[freebw.com/aweae/templates/tatee/vendor/revolution/fonts/revicons/revicons90c6.svg]
[freebw.com/aweae/templates/tatee/vendor/revolution/css/openhand.html]
[freebw.com/aweae/templates/tatee/vendor/revolution/css/closedhand.html]
[freebw.com/aweae/templates/tatee/vendor/pagePiling/css/jquery.pagepiling.css]
